// Jest Snapshot v1, https://goo.gl/fbAQLP

exports[`should correctly render LoginPage 1`] = `
<div
  className="box-layout"
>
  <div
    className="box-layout__box"
  >
    <h1
      className="box-layout__title"
    >
      Facebook Page Manager
    </h1>
    <p>
      Create and view posts on your Facebook Pages.
    </p>
    <div
      className="fb-login-button"
      data-button-type="login_with"
      data-max-rows="1"
      data-size="large"
      data-use-continue-as="true"
      scope="manage_pages, publish_pages, read_insights"
    />
  </div>
</div>
`;
